{"code":"ENODATA","hostname":"_mongodb._tcp.cluster0.8qhvaoj.mongodb.net","level":"error","message":"MongoDB connection error: querySrv ENODATA _mongodb._tcp.cluster0.8qhvaoj.mongodb.net","stack":"Error: querySrv ENODATA _mongodb._tcp.cluster0.8qhvaoj.mongodb.net\n    at QueryReqWrap.onresolve [as oncomplete] (node:internal/dns/promises:251:17)","syscall":"querySrv","timestamp":"2025-11-18 01:27:30"}
{"code":"ENODATA","hostname":"_mongodb._tcp.cluster0.8qhvaoj.mongodb.net","level":"error","message":"MongoDB connection error: querySrv ENODATA _mongodb._tcp.cluster0.8qhvaoj.mongodb.net","stack":"Error: querySrv ENODATA _mongodb._tcp.cluster0.8qhvaoj.mongodb.net\n    at QueryReqWrap.onresolve [as oncomplete] (node:internal/dns/promises:251:17)","syscall":"querySrv","timestamp":"2025-11-18 01:28:23"}
{"code":"ENODATA","hostname":"_mongodb._tcp.cluster0.8qhvaoj.mongodb.net","level":"error","message":"MongoDB connection error: querySrv ENODATA _mongodb._tcp.cluster0.8qhvaoj.mongodb.net","stack":"Error: querySrv ENODATA _mongodb._tcp.cluster0.8qhvaoj.mongodb.net\n    at QueryReqWrap.onresolve [as oncomplete] (node:internal/dns/promises:251:17)","syscall":"querySrv","timestamp":"2025-11-18 01:34:41"}
{"level":"info","message":"Server running in development mode on port 5000","timestamp":"2025-11-18 02:03:41"}
{"level":"info","message":"MongoDB connected successfully","timestamp":"2025-11-18 02:26:22"}
{"level":"info","message":"Server running in development mode on port 5000","timestamp":"2025-11-18 02:26:22"}
{"level":"info","message":"Connected to MongoDB","timestamp":"2025-11-18 02:35:47"}
{"level":"info","message":"Admin user created","timestamp":"2025-11-18 02:35:48"}
{"level":"info","message":"Site Manager user created","timestamp":"2025-11-18 02:35:48"}
{"level":"info","message":"Accountant user created","timestamp":"2025-11-18 02:35:48"}
{"level":"info","message":"Labourer user created","timestamp":"2025-11-18 02:35:48"}
{"level":"info","message":"Connected to MongoDB","timestamp":"2025-11-18 02:35:55"}
{"level":"info","message":"Admin user already exists","timestamp":"2025-11-18 02:35:56"}
{"level":"info","message":"Seed data completed successfully!","timestamp":"2025-11-18 02:35:56"}
{"level":"info","message":"MongoDB connected successfully","timestamp":"2025-11-18 02:42:30"}
{"level":"info","message":"Server running in development mode on port 5000","timestamp":"2025-11-18 02:42:30"}
{"level":"info","message":"POST /api/auth/login","timestamp":"2025-11-18 02:42:38"}
{"level":"info","message":"GET /api/projects","timestamp":"2025-11-18 02:42:38"}
{"level":"info","message":"GET /api/projects","timestamp":"2025-11-18 02:42:38"}
{"level":"info","message":"GET /api/materials","timestamp":"2025-11-18 02:42:38"}
{"level":"info","message":"GET /api/materials","timestamp":"2025-11-18 02:42:38"}
{"level":"info","message":"GET /api/projects","timestamp":"2025-11-18 02:42:38"}
{"level":"info","message":"GET /api/projects","timestamp":"2025-11-18 02:42:38"}
{"level":"info","message":"GET /api/projects","timestamp":"2025-11-18 02:42:44"}
{"level":"info","message":"GET /api/projects","timestamp":"2025-11-18 02:42:44"}
{"level":"info","message":"GET /api/materials","timestamp":"2025-11-18 02:42:45"}
{"level":"info","message":"GET /api/materials","timestamp":"2025-11-18 02:42:45"}
{"level":"info","message":"GET /api/labour/employees","timestamp":"2025-11-18 02:42:46"}
{"level":"info","message":"GET /api/labour/employees","timestamp":"2025-11-18 02:42:46"}
{"level":"info","message":"GET /api/equipment","timestamp":"2025-11-18 02:42:47"}
{"level":"info","message":"GET /api/equipment","timestamp":"2025-11-18 02:42:47"}
{"level":"info","message":"GET /api/warehouse","timestamp":"2025-11-18 02:42:47"}
{"level":"info","message":"GET /api/warehouse","timestamp":"2025-11-18 02:42:48"}
{"level":"info","message":"GET /api/expenses","timestamp":"2025-11-18 02:42:48"}
{"level":"info","message":"GET /api/expenses","timestamp":"2025-11-18 02:42:48"}
{"level":"info","message":"GET /api/projects","timestamp":"2025-11-18 02:42:57"}
{"level":"info","message":"GET /api/projects","timestamp":"2025-11-18 02:42:57"}
{"level":"info","message":"GET /api/materials","timestamp":"2025-11-18 02:42:57"}
{"level":"info","message":"GET /api/materials","timestamp":"2025-11-18 02:42:57"}
{"level":"info","message":"GET /api/projects","timestamp":"2025-11-18 02:42:58"}
{"level":"info","message":"GET /api/projects","timestamp":"2025-11-18 02:42:58"}
{"level":"info","message":"GET /api/materials","timestamp":"2025-11-18 02:42:58"}
{"level":"info","message":"GET /api/materials","timestamp":"2025-11-18 02:42:58"}
{"level":"info","message":"GET /api/projects","timestamp":"2025-11-18 02:42:58"}
{"level":"info","message":"GET /api/projects","timestamp":"2025-11-18 02:42:58"}
{"level":"info","message":"GET /api/projects","timestamp":"2025-11-18 02:42:58"}
{"level":"info","message":"GET /api/projects","timestamp":"2025-11-18 02:42:58"}
{"level":"info","message":"GET /api/projects","timestamp":"2025-11-18 02:43:02"}
{"level":"info","message":"GET /api/projects","timestamp":"2025-11-18 02:43:02"}
{"level":"info","message":"GET /api/materials","timestamp":"2025-11-18 02:43:02"}
{"level":"info","message":"GET /api/materials","timestamp":"2025-11-18 02:43:02"}
{"level":"info","message":"GET /api/projects","timestamp":"2025-11-18 02:43:02"}
{"level":"info","message":"GET /api/projects","timestamp":"2025-11-18 02:43:02"}
{"level":"info","message":"GET /api/projects","timestamp":"2025-11-18 02:43:04"}
{"level":"info","message":"GET /api/projects","timestamp":"2025-11-18 02:43:04"}
{"level":"info","message":"GET /api/materials","timestamp":"2025-11-18 02:43:04"}
{"level":"info","message":"GET /api/materials","timestamp":"2025-11-18 02:43:04"}
{"level":"info","message":"GET /api/projects","timestamp":"2025-11-18 02:43:04"}
{"level":"info","message":"GET /api/projects","timestamp":"2025-11-18 02:43:04"}
{"level":"info","message":"GET /api/projects","timestamp":"2025-11-18 02:43:05"}
{"level":"info","message":"GET /api/projects","timestamp":"2025-11-18 02:43:05"}
{"level":"info","message":"GET /api/materials","timestamp":"2025-11-18 02:43:05"}
{"level":"info","message":"GET /api/materials","timestamp":"2025-11-18 02:43:05"}
{"level":"info","message":"GET /api/projects","timestamp":"2025-11-18 02:43:05"}
{"level":"info","message":"GET /api/projects","timestamp":"2025-11-18 02:43:05"}
{"level":"info","message":"GET /api/projects","timestamp":"2025-11-18 02:43:08"}
{"level":"info","message":"GET /api/projects","timestamp":"2025-11-18 02:43:08"}
{"level":"info","message":"GET /api/materials","timestamp":"2025-11-18 02:43:13"}
{"level":"info","message":"GET /api/materials","timestamp":"2025-11-18 02:43:13"}
{"level":"info","message":"GET /api/projects","timestamp":"2025-11-18 02:43:35"}
{"level":"info","message":"GET /api/projects","timestamp":"2025-11-18 02:43:35"}
{"level":"info","message":"GET /api/projects","timestamp":"2025-11-18 02:43:39"}
{"level":"info","message":"GET /api/projects","timestamp":"2025-11-18 02:43:39"}
{"level":"info","message":"GET /api/materials","timestamp":"2025-11-18 02:43:39"}
{"level":"info","message":"GET /api/materials","timestamp":"2025-11-18 02:43:39"}
{"level":"info","message":"GET /api/projects","timestamp":"2025-11-18 02:43:39"}
{"level":"info","message":"GET /api/projects","timestamp":"2025-11-18 02:43:39"}
{"level":"info","message":"GET /api/projects","timestamp":"2025-11-18 02:43:40"}
{"level":"info","message":"GET /api/projects","timestamp":"2025-11-18 02:43:40"}
{"level":"info","message":"GET /api/materials","timestamp":"2025-11-18 02:43:40"}
{"level":"info","message":"GET /api/materials","timestamp":"2025-11-18 02:43:40"}
{"level":"info","message":"GET /api/projects","timestamp":"2025-11-18 02:43:40"}
{"level":"info","message":"GET /api/projects","timestamp":"2025-11-18 02:43:40"}
{"level":"info","message":"MongoDB connected successfully","timestamp":"2025-11-18 02:44:44"}
{"level":"info","message":"Server running in development mode on port 5000","timestamp":"2025-11-18 02:44:44"}
{"level":"info","message":"GET /api/projects","timestamp":"2025-11-18 02:44:44"}
{"level":"info","message":"GET /api/materials","timestamp":"2025-11-18 02:44:44"}
{"level":"info","message":"GET /api/projects","timestamp":"2025-11-18 02:44:44"}
{"level":"info","message":"GET /api/materials","timestamp":"2025-11-18 02:44:45"}
{"level":"info","message":"GET /api/projects","timestamp":"2025-11-18 02:44:45"}
{"level":"info","message":"GET /api/projects","timestamp":"2025-11-18 02:44:45"}
{"level":"info","message":"GET /api/projects","timestamp":"2025-11-18 02:44:48"}
{"level":"info","message":"GET /api/projects","timestamp":"2025-11-18 02:44:48"}
{"level":"info","message":"GET /api/materials","timestamp":"2025-11-18 02:44:48"}
{"level":"info","message":"GET /api/materials","timestamp":"2025-11-18 02:44:48"}
{"level":"info","message":"GET /api/projects","timestamp":"2025-11-18 02:44:48"}
{"level":"info","message":"GET /api/projects","timestamp":"2025-11-18 02:44:48"}
{"level":"info","message":"GET /api/projects","timestamp":"2025-11-18 02:44:52"}
{"level":"info","message":"GET /api/projects","timestamp":"2025-11-18 02:44:52"}
{"level":"info","message":"GET /api/materials","timestamp":"2025-11-18 02:44:53"}
{"level":"info","message":"GET /api/materials","timestamp":"2025-11-18 02:44:53"}
{"level":"info","message":"GET /api/labour/employees","timestamp":"2025-11-18 02:44:54"}
{"level":"info","message":"GET /api/labour/employees","timestamp":"2025-11-18 02:44:54"}
{"level":"info","message":"GET /api/equipment","timestamp":"2025-11-18 02:44:54"}
{"level":"info","message":"GET /api/equipment","timestamp":"2025-11-18 02:44:55"}
{"level":"info","message":"GET /api/warehouse","timestamp":"2025-11-18 02:44:55"}
{"level":"info","message":"GET /api/warehouse","timestamp":"2025-11-18 02:44:55"}
{"level":"info","message":"GET /api/expenses","timestamp":"2025-11-18 02:44:57"}
{"level":"info","message":"GET /api/expenses","timestamp":"2025-11-18 02:44:57"}
{"level":"info","message":"GET /api/expenses","timestamp":"2025-11-18 02:45:01"}
{"level":"info","message":"GET /api/expenses","timestamp":"2025-11-18 02:45:02"}
{"level":"info","message":"GET /api/expenses","timestamp":"2025-11-18 02:45:21"}
{"level":"info","message":"GET /api/expenses","timestamp":"2025-11-18 02:45:21"}
{"level":"info","message":"GET /api/projects","timestamp":"2025-11-18 02:45:21"}
{"level":"info","message":"GET /api/projects","timestamp":"2025-11-18 02:45:21"}
{"level":"info","message":"GET /api/materials","timestamp":"2025-11-18 02:45:21"}
{"level":"info","message":"GET /api/projects","timestamp":"2025-11-18 02:45:22"}
{"level":"info","message":"GET /api/materials","timestamp":"2025-11-18 02:45:22"}
{"level":"info","message":"GET /api/projects","timestamp":"2025-11-18 02:45:22"}
{"level":"info","message":"GET /api/projects","timestamp":"2025-11-18 02:45:25"}
{"level":"info","message":"GET /api/projects","timestamp":"2025-11-18 02:45:25"}
{"level":"info","message":"GET /api/materials","timestamp":"2025-11-18 02:45:25"}
{"level":"info","message":"GET /api/projects","timestamp":"2025-11-18 02:45:25"}
{"level":"info","message":"GET /api/materials","timestamp":"2025-11-18 02:45:25"}
{"level":"info","message":"GET /api/projects","timestamp":"2025-11-18 02:45:25"}
{"level":"info","message":"GET /api/projects","timestamp":"2025-11-18 02:45:28"}
{"level":"info","message":"GET /api/projects","timestamp":"2025-11-18 02:45:28"}
{"level":"info","message":"GET /api/materials","timestamp":"2025-11-18 02:45:28"}
{"level":"info","message":"GET /api/projects","timestamp":"2025-11-18 02:45:28"}
{"level":"info","message":"GET /api/materials","timestamp":"2025-11-18 02:45:29"}
{"level":"info","message":"GET /api/projects","timestamp":"2025-11-18 02:45:29"}
{"level":"info","message":"GET /api/projects","timestamp":"2025-11-18 02:46:51"}
{"level":"info","message":"GET /api/materials","timestamp":"2025-11-18 02:46:51"}
{"level":"info","message":"GET /api/projects","timestamp":"2025-11-18 02:46:51"}
{"level":"info","message":"GET /api/projects","timestamp":"2025-11-18 02:46:53"}
{"level":"info","message":"GET /api/materials","timestamp":"2025-11-18 02:46:53"}
{"level":"info","message":"GET /api/projects","timestamp":"2025-11-18 02:46:53"}
{"level":"info","message":"GET /api/projects","timestamp":"2025-11-18 02:46:55"}
{"level":"info","message":"GET /api/projects","timestamp":"2025-11-18 02:46:55"}
{"level":"info","message":"GET /api/projects","timestamp":"2025-11-18 02:47:04"}
{"level":"info","message":"GET /api/projects","timestamp":"2025-11-18 02:47:04"}
{"level":"info","message":"GET /api/projects","timestamp":"2025-11-18 02:47:04"}
{"level":"info","message":"GET /api/projects","timestamp":"2025-11-18 02:47:05"}
{"level":"info","message":"GET /api/projects","timestamp":"2025-11-18 02:47:05"}
{"level":"info","message":"GET /api/projects","timestamp":"2025-11-18 02:47:05"}
{"level":"info","message":"GET /api/materials","timestamp":"2025-11-18 02:47:08"}
{"level":"info","message":"GET /api/materials","timestamp":"2025-11-18 02:47:08"}
{"level":"info","message":"GET /api/projects","timestamp":"2025-11-18 02:47:08"}
{"level":"info","message":"GET /api/projects","timestamp":"2025-11-18 02:47:08"}
{"level":"info","message":"GET /api/projects","timestamp":"2025-11-18 02:47:08"}
{"level":"info","message":"GET /api/projects","timestamp":"2025-11-18 02:47:08"}
{"level":"info","message":"GET /api/projects","timestamp":"2025-11-18 02:47:08"}
{"level":"info","message":"GET /api/projects","timestamp":"2025-11-18 02:47:09"}
{"level":"info","message":"GET /api/labour/employees","timestamp":"2025-11-18 02:47:10"}
{"level":"info","message":"GET /api/projects","timestamp":"2025-11-18 02:47:10"}
{"level":"info","message":"GET /api/labour/employees","timestamp":"2025-11-18 02:47:10"}
{"level":"info","message":"GET /api/projects","timestamp":"2025-11-18 02:47:10"}
{"level":"info","message":"GET /api/projects","timestamp":"2025-11-18 02:47:10"}
{"level":"info","message":"GET /api/projects","timestamp":"2025-11-18 02:47:11"}
{"level":"info","message":"GET /api/equipment","timestamp":"2025-11-18 02:47:11"}
{"level":"info","message":"GET /api/projects","timestamp":"2025-11-18 02:47:12"}
{"level":"info","message":"GET /api/equipment","timestamp":"2025-11-18 02:47:12"}
{"level":"info","message":"GET /api/projects","timestamp":"2025-11-18 02:47:12"}
{"level":"info","message":"GET /api/projects","timestamp":"2025-11-18 02:47:12"}
{"level":"info","message":"GET /api/projects","timestamp":"2025-11-18 02:47:12"}
{"level":"info","message":"GET /api/projects","timestamp":"2025-11-18 02:47:16"}
{"level":"info","message":"GET /api/projects","timestamp":"2025-11-18 02:47:16"}
{"level":"info","message":"GET /api/projects","timestamp":"2025-11-18 02:47:16"}
{"level":"info","message":"GET /api/projects","timestamp":"2025-11-18 02:47:16"}
{"level":"info","message":"GET /api/projects","timestamp":"2025-11-18 02:47:16"}
{"level":"info","message":"GET /api/projects","timestamp":"2025-11-18 02:47:16"}
{"level":"info","message":"GET /api/projects","timestamp":"2025-11-18 02:47:24"}
{"level":"info","message":"GET /api/projects","timestamp":"2025-11-18 02:47:25"}
{"level":"info","message":"GET /api/materials","timestamp":"2025-11-18 02:47:25"}
{"level":"info","message":"GET /api/materials","timestamp":"2025-11-18 02:47:25"}
{"level":"info","message":"MongoDB connected successfully","timestamp":"2025-11-18 02:47:52"}
{"level":"info","message":"Server running in development mode on port 5000","timestamp":"2025-11-18 02:47:52"}
{"level":"info","message":"GET /api/projects","timestamp":"2025-11-18 02:48:31"}
{"level":"info","message":"GET /api/projects","timestamp":"2025-11-18 02:48:32"}
{"level":"info","message":"GET /api/projects","timestamp":"2025-11-18 02:48:32"}
{"level":"info","message":"GET /api/projects","timestamp":"2025-11-18 02:48:32"}
{"level":"info","message":"GET /api/projects","timestamp":"2025-11-18 02:48:33"}
{"level":"info","message":"GET /api/projects","timestamp":"2025-11-18 02:48:33"}
{"level":"info","message":"GET /api/projects","timestamp":"2025-11-18 02:48:33"}
{"level":"info","message":"GET /api/projects","timestamp":"2025-11-18 02:48:33"}
{"level":"info","message":"GET /api/projects","timestamp":"2025-11-18 02:48:33"}
{"level":"info","message":"GET /api/projects","timestamp":"2025-11-18 02:48:34"}
{"level":"info","message":"GET /api/materials","timestamp":"2025-11-18 02:48:48"}
{"level":"info","message":"GET /api/projects","timestamp":"2025-11-18 02:48:48"}
{"level":"info","message":"GET /api/materials","timestamp":"2025-11-18 02:48:48"}
{"level":"info","message":"GET /api/projects","timestamp":"2025-11-18 02:48:48"}
{"level":"info","message":"GET /api/projects","timestamp":"2025-11-18 02:48:48"}
{"level":"info","message":"GET /api/projects","timestamp":"2025-11-18 02:48:48"}
{"level":"info","message":"GET /api/equipment","timestamp":"2025-11-18 02:48:50"}
{"level":"info","message":"GET /api/projects","timestamp":"2025-11-18 02:48:50"}
{"level":"info","message":"GET /api/equipment","timestamp":"2025-11-18 02:48:50"}
{"level":"info","message":"GET /api/projects","timestamp":"2025-11-18 02:48:50"}
{"level":"info","message":"GET /api/projects","timestamp":"2025-11-18 02:48:50"}
{"level":"info","message":"GET /api/projects","timestamp":"2025-11-18 02:48:50"}
{"level":"info","message":"GET /api/materials","timestamp":"2025-11-18 02:49:19"}
{"level":"info","message":"GET /api/projects","timestamp":"2025-11-18 02:49:19"}
{"level":"info","message":"GET /api/materials","timestamp":"2025-11-18 02:49:19"}
{"level":"info","message":"GET /api/projects","timestamp":"2025-11-18 02:49:19"}
{"level":"info","message":"GET /api/projects","timestamp":"2025-11-18 02:49:19"}
{"level":"info","message":"GET /api/projects","timestamp":"2025-11-18 02:49:19"}
{"level":"info","message":"GET /api/projects","timestamp":"2025-11-18 02:52:07"}
{"level":"info","message":"GET /api/projects","timestamp":"2025-11-18 02:52:07"}
{"level":"info","message":"GET /api/projects","timestamp":"2025-11-18 02:52:07"}
{"level":"info","message":"GET /api/projects","timestamp":"2025-11-18 02:52:07"}
{"level":"info","message":"GET /api/projects","timestamp":"2025-11-18 02:52:30"}
{"level":"info","message":"GET /api/projects","timestamp":"2025-11-18 02:52:30"}
{"level":"info","message":"GET /api/projects","timestamp":"2025-11-18 02:52:30"}
{"level":"info","message":"GET /api/projects","timestamp":"2025-11-18 02:52:30"}
{"level":"info","message":"GET /api/projects","timestamp":"2025-11-18 02:52:30"}
{"level":"info","message":"GET /api/projects","timestamp":"2025-11-18 02:52:30"}
{"level":"info","message":"GET /api/projects","timestamp":"2025-11-18 02:52:32"}
{"level":"info","message":"GET /api/projects","timestamp":"2025-11-18 02:52:32"}
{"level":"info","message":"GET /api/projects","timestamp":"2025-11-18 02:52:32"}
{"level":"info","message":"GET /api/projects","timestamp":"2025-11-18 02:52:32"}
{"level":"info","message":"GET /api/projects","timestamp":"2025-11-18 02:52:32"}
{"level":"info","message":"GET /api/projects","timestamp":"2025-11-18 02:52:33"}
{"level":"info","message":"POST /api/auth/login","timestamp":"2025-11-18 02:52:53"}
{"level":"info","message":"GET /api/projects","timestamp":"2025-11-18 02:52:53"}
{"level":"info","message":"GET /api/projects","timestamp":"2025-11-18 02:52:53"}
{"level":"info","message":"GET /api/projects","timestamp":"2025-11-18 02:52:53"}
{"level":"info","message":"GET /api/projects","timestamp":"2025-11-18 02:52:53"}
{"level":"info","message":"GET /api/projects","timestamp":"2025-11-18 02:52:57"}
{"level":"info","message":"GET /api/projects","timestamp":"2025-11-18 02:52:57"}
{"level":"info","message":"GET /api/materials","timestamp":"2025-11-18 02:52:58"}
{"level":"info","message":"GET /api/materials","timestamp":"2025-11-18 02:52:58"}
{"level":"info","message":"GET /api/labour/employees","timestamp":"2025-11-18 02:52:59"}
{"level":"info","message":"GET /api/labour/employees","timestamp":"2025-11-18 02:52:59"}
{"level":"info","message":"GET /api/equipment","timestamp":"2025-11-18 02:53:00"}
{"level":"info","message":"GET /api/equipment","timestamp":"2025-11-18 02:53:00"}
{"level":"info","message":"GET /api/warehouse","timestamp":"2025-11-18 02:53:00"}
{"level":"info","message":"GET /api/warehouse","timestamp":"2025-11-18 02:53:00"}
{"level":"info","message":"GET /api/projects","timestamp":"2025-11-18 02:53:04"}
{"level":"info","message":"GET /api/projects","timestamp":"2025-11-18 02:53:04"}
{"level":"info","message":"GET /api/projects","timestamp":"2025-11-18 02:53:05"}
{"level":"info","message":"GET /api/projects","timestamp":"2025-11-18 02:53:05"}
{"level":"info","message":"GET /api/projects","timestamp":"2025-11-18 02:53:05"}
{"level":"info","message":"GET /api/projects","timestamp":"2025-11-18 02:53:06"}
{"level":"info","message":"GET /api/projects","timestamp":"2025-11-18 02:53:07"}
{"level":"info","message":"GET /api/projects","timestamp":"2025-11-18 02:53:07"}
{"level":"info","message":"GET /api/projects","timestamp":"2025-11-18 02:53:07"}
{"level":"info","message":"GET /api/projects","timestamp":"2025-11-18 02:53:07"}
{"level":"info","message":"GET /api/projects","timestamp":"2025-11-18 02:53:07"}
{"level":"info","message":"GET /api/projects","timestamp":"2025-11-18 02:53:08"}
{"level":"info","message":"POST /api/auth/login","timestamp":"2025-11-18 02:53:17"}
{"level":"info","message":"GET /api/projects","timestamp":"2025-11-18 02:53:17"}
{"level":"info","message":"GET /api/projects","timestamp":"2025-11-18 02:53:17"}
{"level":"info","message":"GET /api/projects","timestamp":"2025-11-18 02:53:17"}
{"level":"info","message":"GET /api/projects","timestamp":"2025-11-18 02:53:18"}
{"level":"info","message":"GET /api/projects","timestamp":"2025-11-18 02:53:19"}
{"level":"info","message":"GET /api/projects","timestamp":"2025-11-18 02:53:20"}
{"level":"info","message":"GET /api/projects","timestamp":"2025-11-18 02:53:20"}
{"level":"info","message":"GET /api/projects","timestamp":"2025-11-18 02:53:20"}
{"level":"info","message":"GET /api/projects","timestamp":"2025-11-18 02:53:20"}
{"level":"info","message":"GET /api/projects","timestamp":"2025-11-18 02:53:20"}
{"level":"info","message":"GET /api/materials","timestamp":"2025-11-18 02:53:22"}
{"level":"info","message":"GET /api/projects","timestamp":"2025-11-18 02:53:22"}
{"level":"info","message":"GET /api/materials","timestamp":"2025-11-18 02:53:22"}
{"level":"info","message":"GET /api/projects","timestamp":"2025-11-18 02:53:22"}
{"level":"info","message":"GET /api/projects","timestamp":"2025-11-18 02:53:22"}
{"level":"info","message":"GET /api/projects","timestamp":"2025-11-18 02:53:22"}
{"level":"info","message":"GET /api/projects","timestamp":"2025-11-18 02:54:55"}
{"level":"info","message":"GET /api/projects","timestamp":"2025-11-18 02:54:55"}
{"level":"info","message":"GET /api/projects","timestamp":"2025-11-18 02:54:55"}
{"level":"info","message":"GET /api/projects","timestamp":"2025-11-18 02:54:55"}
{"level":"info","message":"GET /api/projects","timestamp":"2025-11-18 02:55:45"}
{"level":"info","message":"MongoDB connected successfully","timestamp":"2025-11-18 02:55:50"}
{"level":"info","message":"Server running in development mode on port 5000","timestamp":"2025-11-18 02:55:50"}
{"level":"info","message":"MongoDB connected successfully","timestamp":"2025-11-18 03:02:36"}
{"level":"info","message":"Server running in development mode on port 5000","timestamp":"2025-11-18 03:02:36"}
{"level":"info","message":"MongoDB connected successfully","timestamp":"2025-11-18 03:05:35"}
{"level":"info","message":"Server running in development mode on port 5000","timestamp":"2025-11-18 03:05:35"}
{"level":"info","message":"GET /api/projects","timestamp":"2025-11-18 03:06:51"}
{"level":"info","message":"GET /api/projects","timestamp":"2025-11-18 03:06:51"}
{"level":"info","message":"GET /api/projects","timestamp":"2025-11-18 03:06:51"}
{"level":"info","message":"GET /api/projects","timestamp":"2025-11-18 03:06:51"}
{"level":"info","message":"GET /api/projects","timestamp":"2025-11-18 03:06:51"}
{"level":"info","message":"GET /api/projects","timestamp":"2025-11-18 03:06:51"}
{"level":"info","message":"GET /api/projects","timestamp":"2025-11-18 03:06:51"}
{"level":"info","message":"GET /api/projects","timestamp":"2025-11-18 03:06:51"}
{"level":"info","message":"GET /api/projects","timestamp":"2025-11-18 03:06:54"}
{"level":"info","message":"GET /api/projects","timestamp":"2025-11-18 03:06:54"}
{"level":"info","message":"GET /api/projects","timestamp":"2025-11-18 03:06:54"}
{"level":"info","message":"GET /api/projects","timestamp":"2025-11-18 03:06:54"}
{"level":"info","message":"GET /api/projects","timestamp":"2025-11-18 03:06:54"}
{"level":"info","message":"GET /api/projects","timestamp":"2025-11-18 03:06:54"}
{"level":"info","message":"GET /api/projects","timestamp":"2025-11-18 03:06:56"}
{"level":"info","message":"GET /api/projects","timestamp":"2025-11-18 03:06:56"}
{"level":"info","message":"GET /api/projects","timestamp":"2025-11-18 03:06:56"}
{"level":"info","message":"GET /api/projects","timestamp":"2025-11-18 03:06:56"}
{"level":"info","message":"GET /api/projects","timestamp":"2025-11-18 03:06:56"}
{"level":"info","message":"GET /api/projects","timestamp":"2025-11-18 03:06:57"}
{"level":"info","message":"GET /api/projects","timestamp":"2025-11-18 03:06:58"}
{"level":"info","message":"GET /api/projects","timestamp":"2025-11-18 03:06:59"}
{"level":"info","message":"GET /api/materials","timestamp":"2025-11-18 03:07:02"}
{"level":"info","message":"GET /api/materials","timestamp":"2025-11-18 03:07:02"}
{"level":"info","message":"POST /api/auth/login","timestamp":"2025-11-18 03:07:17"}
{"level":"info","message":"GET /api/projects","timestamp":"2025-11-18 03:07:17"}
{"level":"info","message":"GET /api/projects","timestamp":"2025-11-18 03:07:17"}
{"level":"info","message":"GET /api/projects","timestamp":"2025-11-18 03:07:17"}
{"level":"info","message":"GET /api/projects","timestamp":"2025-11-18 03:07:18"}
{"level":"info","message":"GET /api/projects","timestamp":"2025-11-18 03:07:21"}
{"level":"info","message":"GET /api/projects","timestamp":"2025-11-18 03:07:21"}
{"level":"info","message":"GET /api/projects","timestamp":"2025-11-18 03:07:59"}
{"level":"info","message":"GET /api/projects","timestamp":"2025-11-18 03:07:59"}
{"level":"info","message":"GET /api/projects","timestamp":"2025-11-18 03:07:59"}
{"level":"info","message":"GET /api/projects","timestamp":"2025-11-18 03:07:59"}
{"level":"info","message":"GET /api/projects","timestamp":"2025-11-18 03:07:59"}
{"level":"info","message":"GET /api/projects","timestamp":"2025-11-18 03:08:00"}
{"level":"info","message":"GET /api/projects","timestamp":"2025-11-18 03:08:02"}
{"level":"info","message":"GET /api/projects","timestamp":"2025-11-18 03:08:02"}
{"level":"info","message":"GET /api/projects","timestamp":"2025-11-18 03:08:02"}
{"level":"info","message":"GET /api/projects","timestamp":"2025-11-18 03:08:02"}
{"level":"info","message":"GET /api/projects","timestamp":"2025-11-18 03:08:02"}
{"level":"info","message":"GET /api/projects","timestamp":"2025-11-18 03:08:02"}
{"level":"info","message":"GET /api/projects","timestamp":"2025-11-18 04:24:25"}
{"level":"error","message":"getaddrinfo ENOTFOUND ac-apa2xuy-shard-00-00.aydpswq.mongodb.net","method":"GET","path":"/api/projects","stack":"MongoServerSelectionError: getaddrinfo ENOTFOUND ac-apa2xuy-shard-00-00.aydpswq.mongodb.net\n    at Topology.selectServer (C:\\Users\\hp\\Documents\\Construction Managment\\Construction Managment\\backend\\node_modules\\mongodb\\src\\sdam\\topology.ts:635:30)\n    at async tryOperation (C:\\Users\\hp\\Documents\\Construction Managment\\Construction Managment\\backend\\node_modules\\mongodb\\src\\operations\\execute_operation.ts:202:16)\n    at async executeOperation (C:\\Users\\hp\\Documents\\Construction Managment\\Construction Managment\\backend\\node_modules\\mongodb\\src\\operations\\execute_operation.ts:119:12)\n    at async FindCursor._initialize (C:\\Users\\hp\\Documents\\Construction Managment\\Construction Managment\\backend\\node_modules\\mongodb\\src\\cursor\\find_cursor.ts:92:22)\n    at async FindCursor.cursorInit (C:\\Users\\hp\\Documents\\Construction Managment\\Construction Managment\\backend\\node_modules\\mongodb\\src\\cursor\\abstract_cursor.ts:949:21)\n    at async FindCursor.fetchBatch (C:\\Users\\hp\\Documents\\Construction Managment\\Construction Managment\\backend\\node_modules\\mongodb\\src\\cursor\\abstract_cursor.ts:987:7)\n    at async FindCursor.next (C:\\Users\\hp\\Documents\\Construction Managment\\Construction Managment\\backend\\node_modules\\mongodb\\src\\cursor\\abstract_cursor.ts:608:9)\n    at async Collection.findOne (C:\\Users\\hp\\Documents\\Construction Managment\\Construction Managment\\backend\\node_modules\\mongodb\\src\\collection.ts:552:20)\n    at async model.Query._findOne (C:\\Users\\hp\\Documents\\Construction Managment\\Construction Managment\\backend\\node_modules\\mongoose\\lib\\query.js:2710:15)\n    at async model.Query.exec (C:\\Users\\hp\\Documents\\Construction Managment\\Construction Managment\\backend\\node_modules\\mongoose\\lib\\query.js:4627:63)","statusCode":500,"timestamp":"2025-11-18 11:20:09"}
{"level":"info","message":"GET /api/projects","timestamp":"2025-11-18 12:30:19"}
{"level":"info","message":"GET /api/projects","timestamp":"2025-11-18 12:30:22"}
{"level":"info","message":"GET /api/projects","timestamp":"2025-11-18 12:30:22"}
{"level":"info","message":"GET /api/projects","timestamp":"2025-11-18 12:30:23"}
{"level":"info","message":"GET /api/projects","timestamp":"2025-11-18 12:30:23"}
{"level":"info","message":"GET /api/projects","timestamp":"2025-11-18 12:30:24"}
{"level":"info","message":"GET /api/projects","timestamp":"2025-11-18 12:30:24"}
{"level":"info","message":"GET /api/projects","timestamp":"2025-11-18 12:30:25"}
{"level":"info","message":"GET /api/projects","timestamp":"2025-11-18 12:31:58"}
{"level":"info","message":"GET /api/projects","timestamp":"2025-11-18 12:31:58"}
{"level":"info","message":"GET /api/projects","timestamp":"2025-11-18 12:31:59"}
{"level":"info","message":"GET /api/projects","timestamp":"2025-11-18 12:31:59"}
{"level":"info","message":"GET /api/projects","timestamp":"2025-11-18 12:31:59"}
{"level":"info","message":"GET /api/projects","timestamp":"2025-11-18 12:31:59"}
{"level":"info","message":"GET /api/projects","timestamp":"2025-11-18 12:31:59"}
{"level":"info","message":"GET /api/projects","timestamp":"2025-11-18 12:32:00"}
{"level":"info","message":"GET /api/projects","timestamp":"2025-11-18 12:32:03"}
{"level":"info","message":"GET /api/projects","timestamp":"2025-11-18 12:32:03"}
{"level":"info","message":"GET /api/projects","timestamp":"2025-11-18 12:32:03"}
{"level":"info","message":"GET /api/projects","timestamp":"2025-11-18 12:32:04"}
{"level":"info","message":"GET /api/projects","timestamp":"2025-11-18 12:32:04"}
{"level":"info","message":"GET /api/projects","timestamp":"2025-11-18 12:32:04"}
{"level":"info","message":"GET /api/materials","timestamp":"2025-11-18 12:32:07"}
{"level":"info","message":"GET /api/projects","timestamp":"2025-11-18 12:32:07"}
{"level":"info","message":"GET /api/materials","timestamp":"2025-11-18 12:32:08"}
{"level":"info","message":"GET /api/projects","timestamp":"2025-11-18 12:32:08"}
{"level":"info","message":"GET /api/projects","timestamp":"2025-11-18 12:32:08"}
{"level":"info","message":"GET /api/projects","timestamp":"2025-11-18 12:32:10"}
{"level":"info","message":"GET /api/projects","timestamp":"2025-11-18 12:33:19"}
{"level":"info","message":"GET /api/projects","timestamp":"2025-11-18 12:33:19"}
{"level":"info","message":"GET /api/projects","timestamp":"2025-11-18 12:33:20"}
{"level":"info","message":"GET /api/projects","timestamp":"2025-11-18 12:33:20"}
{"level":"info","message":"GET /api/projects","timestamp":"2025-11-18 12:33:20"}
{"level":"info","message":"GET /api/projects","timestamp":"2025-11-18 12:33:21"}
{"level":"info","message":"GET /api/projects","timestamp":"2025-11-18 12:33:21"}
{"level":"info","message":"GET /api/projects","timestamp":"2025-11-18 12:33:22"}
{"level":"info","message":"GET /api/projects","timestamp":"2025-11-18 12:33:22"}
{"level":"info","message":"GET /api/projects","timestamp":"2025-11-18 12:33:22"}
{"level":"info","message":"GET /api/projects","timestamp":"2025-11-18 12:33:22"}
{"level":"info","message":"GET /api/projects","timestamp":"2025-11-18 12:33:23"}
{"level":"info","message":"GET /api/materials","timestamp":"2025-11-18 12:33:23"}
{"level":"info","message":"GET /api/projects","timestamp":"2025-11-18 12:33:23"}
{"level":"info","message":"GET /api/materials","timestamp":"2025-11-18 12:33:24"}
{"level":"info","message":"GET /api/projects","timestamp":"2025-11-18 12:33:24"}
{"level":"info","message":"GET /api/projects","timestamp":"2025-11-18 12:33:24"}
{"level":"info","message":"GET /api/projects","timestamp":"2025-11-18 12:33:24"}
{"level":"info","message":"GET /api/projects","timestamp":"2025-11-18 12:35:21"}
{"level":"info","message":"GET /api/projects","timestamp":"2025-11-18 12:35:21"}
{"level":"info","message":"GET /api/projects","timestamp":"2025-11-18 12:35:23"}
{"level":"info","message":"GET /api/projects","timestamp":"2025-11-18 12:35:23"}
{"level":"info","message":"GET /api/materials","timestamp":"2025-11-18 12:35:40"}
{"level":"info","message":"GET /api/materials","timestamp":"2025-11-18 12:35:41"}
{"level":"info","message":"GET /api/materials/purchase-orders","timestamp":"2025-11-18 12:35:43"}
{"level":"error","message":"Cast to ObjectId failed for value \"purchase-orders\" (type string) at path \"_id\" for model \"Material\"","method":"GET","path":"/api/materials/purchase-orders","stack":"CastError: Cast to ObjectId failed for value \"purchase-orders\" (type string) at path \"_id\" for model \"Material\"\n    at SchemaObjectId.cast (C:\\Users\\hp\\Documents\\Construction Managment\\Construction Managment\\backend\\node_modules\\mongoose\\lib\\schema\\objectId.js:253:11)\n    at SchemaObjectId.SchemaType.applySetters (C:\\Users\\hp\\Documents\\Construction Managment\\Construction Managment\\backend\\node_modules\\mongoose\\lib\\schemaType.js:1288:12)\n    at SchemaObjectId.SchemaType.castForQuery (C:\\Users\\hp\\Documents\\Construction Managment\\Construction Managment\\backend\\node_modules\\mongoose\\lib\\schemaType.js:1724:17)\n    at cast (C:\\Users\\hp\\Documents\\Construction Managment\\Construction Managment\\backend\\node_modules\\mongoose\\lib\\cast.js:390:32)\n    at model.Query.Query.cast (C:\\Users\\hp\\Documents\\Construction Managment\\Construction Managment\\backend\\node_modules\\mongoose\\lib\\query.js:5060:12)\n    at model.Query.Query._castConditions (C:\\Users\\hp\\Documents\\Construction Managment\\Construction Managment\\backend\\node_modules\\mongoose\\lib\\query.js:2374:10)\n    at model.Query._findOne (C:\\Users\\hp\\Documents\\Construction Managment\\Construction Managment\\backend\\node_modules\\mongoose\\lib\\query.js:2697:8)\n    at model.Query.exec (C:\\Users\\hp\\Documents\\Construction Managment\\Construction Managment\\backend\\node_modules\\mongoose\\lib\\query.js:4627:80)\n    at processTicksAndRejections (node:internal/process/task_queues:103:5)\n    at async getMaterialById (C:\\Users\\hp\\Documents\\Construction Managment\\Construction Managment\\backend\\src\\controllers\\material.controller.ts:85:22)","statusCode":500,"timestamp":"2025-11-18 12:35:44"}
{"level":"info","message":"GET /api/materials","timestamp":"2025-11-18 12:35:44"}
{"level":"info","message":"POST /api/auth/login","timestamp":"2025-11-18 12:35:59"}
{"level":"info","message":"GET /api/projects","timestamp":"2025-11-18 12:35:59"}
{"level":"info","message":"GET /api/projects","timestamp":"2025-11-18 12:36:00"}
{"level":"info","message":"GET /api/projects","timestamp":"2025-11-18 12:36:00"}
{"level":"info","message":"GET /api/projects","timestamp":"2025-11-18 12:36:00"}
{"level":"info","message":"GET /api/projects","timestamp":"2025-11-18 12:36:05"}
{"level":"info","message":"GET /api/projects","timestamp":"2025-11-18 12:36:06"}
{"level":"info","message":"GET /api/projects","timestamp":"2025-11-18 12:37:06"}
{"level":"info","message":"GET /api/projects","timestamp":"2025-11-18 12:37:06"}
{"level":"info","message":"GET /api/projects","timestamp":"2025-11-18 12:37:06"}
{"level":"info","message":"GET /api/projects","timestamp":"2025-11-18 12:37:06"}
{"level":"info","message":"GET /api/projects","timestamp":"2025-11-18 12:37:10"}
{"level":"info","message":"GET /api/projects","timestamp":"2025-11-18 12:37:10"}
{"level":"info","message":"MongoDB connected successfully","timestamp":"2025-11-18 12:38:20"}
{"level":"info","message":"Server running in development mode on port 5000","timestamp":"2025-11-18 12:38:20"}
{"level":"info","message":"GET /api/projects","timestamp":"2025-11-18 12:40:26"}
{"level":"info","message":"GET /api/users","timestamp":"2025-11-18 12:55:57"}
{"level":"info","message":"GET /api/users","timestamp":"2025-11-18 12:55:58"}
{"level":"info","message":"GET /api/users","timestamp":"2025-11-18 12:55:58"}
{"level":"info","message":"PUT /api/users/691b953409789dc87c21f6bc","timestamp":"2025-11-18 12:56:12"}
{"level":"info","message":"GET /api/users","timestamp":"2025-11-18 12:56:13"}
{"level":"info","message":"GET /api/users","timestamp":"2025-11-18 12:56:21"}
